[
  {
    "age": 30,
    "email": "alice@test.com",
    "name": "Alice",
    "status": "inactive"
  },
  {
    "age": 25,
    "email": "louis@test.com",
    "name": "Louis",
    "status": "active"
  }
]
